// Jest Snapshot v1, https://goo.gl/fbAQLP

exports[`Login Page Tests Renders the Login Page snapshot correctly 1`] = `
<div>
  <div
    class="pageContainer"
  >
    <div
      class="navbar"
    >
      <img
        alt="Miracle Flights Logo"
        class="logo"
        src="test-file-stub"
      />
    </div>
    <div
      class="contentContainer"
    >
      <div
        class="loginContainer"
      >
        <div
          class="loginBlock"
        >
          <div
            class="loginBlockHeader"
          >
            Login to your Account
          </div>
          <form
            class="loginBlockContent"
          >
            <div
              class="loginInputContainerUpper"
            >
              <div
                class="form-field"
              >
                <div
                  class="label-and-error"
                />
                <input
                  name="email"
                  placeholder="Email"
                  type="text"
                  value=""
                />
              </div>
            </div>
            <div
              class="loginInputContainerLower"
            >
              <div
                class="form-field"
              >
                <div
                  class="label-and-error"
                />
                <input
                  name="password"
                  placeholder="Password"
                  type="password"
                  value=""
                />
              </div>
              <div
                class="passwordToggle"
              >
                <div
                  class="Icon"
                >
                  <i
                    class="Icon fas fa-eye Text-fontSize--"
                  />
                </div>
              </div>
            </div>
            <div
              class="forgotPassword"
            >
              <div
                class="loginBlockLink"
              >
                Forgot password?
              </div>
            </div>
            <button
              class="button Login Blue"
              disabled=""
              type="submit"
            >
              <h4>
                Login
              </h4>
            </button>
          </form>
        </div>
      </div>
      <div
        class="rightSideContent"
      >
        <div
          class="rightSideHeader"
        >
          New Here?
        </div>
        <div
          class="rightSideText"
        >
          Create your account with us today!
        </div>
        <button
          class="button Signup Blue"
          type="button"
        >
          <h4>
            Sign Up
          </h4>
        </button>
      </div>
    </div>
  </div>
</div>
`;
