// Jest Snapshot v1, https://goo.gl/fbAQLP

exports[`Tabs Tests Test snapshots 1`] = `
<div>
  <div
    class="tabs"
  >
    <div
      class="tabList"
    >
      <button
        class="tabSelected"
        type="button"
      >
        One
      </button>
      <button
        class="tab"
        type="button"
      >
        Two
      </button>
      <button
        class="tab"
        type="button"
      >
        Three
      </button>
      <button
        class="tab"
        type="button"
      >
        Four
      </button>
      <button
        class="tab"
        type="button"
      >
        Five
      </button>
    </div>
    <div
      class="tabPanel"
    >
      hello i am 1
    </div>
  </div>
</div>
`;
