// Jest Snapshot v1, https://goo.gl/fbAQLP

exports[`Tabs Tests Test snapshots 1`] = `
<div>
  <div
    class="tabs"
  >
    <div
      class="tabList"
    >
      <button
        class="tabSelected"
        type="button"
      >
        General
      </button>
      <button
        class="tab"
        type="button"
      >
        Medical
      </button>
      <button
        class="tab"
        type="button"
      >
        Financial
      </button>
      <button
        class="tab"
        type="button"
      >
        Flight History
      </button>
    </div>
    <div
      class="tabPanels"
    >
      <div>
        <div
          class="InfoBox"
        >
          Full Name: John Doe
        </div>
        <div
          class="InfoBox"
        >
          Street: 123 Main St
        </div>
        <div
          class="InfoBox"
        >
          Country: USA
        </div>
        <div
          class="InfoBox"
        >
          Email Address: test@test.com
        </div>
        <div
          class="InfoBox"
        >
          Type of Passenger: Patient
        </div>
        <div
          class="InfoBox"
        >
          Military Service Status: Yes
        </div>
        <div
          class="InfoBox"
        >
          Military Member Status: Yes
        </div>
        <div
          class="InfoBox"
        >
          Date Created: 2021-09-13
        </div>
        <div
          class="InfoBox"
        >
          How did you hear about us?: Internet
        </div>
      </div>
    </div>
  </div>
</div>
`;
