// Jest Snapshot for Login component

exports[`Login component renders correctly 1`] = `
<>
  <img
    alt="Description of the image"
    className={styles.logo}
    src="/src/styles/MiracleFlightsLogo.png"
  />
  <div className={styles.loginContainer}>
    <div className={styles.loginBlock}>
      <div className={styles.loginBlockHeader}>
        Log In
      </div>
      <div className={styles.loginRedirect}>
        Dont have an account?
        <Link
          className={styles.loginBlockLink}
          to="/sign-up"
        >
           Sign up
        </Link>
      </div>
      <form
        className={styles.loginBlockContent}
        onSubmit={handleSubmit(Submit)}
      >
        <div className={styles.loginInputContainerUpper}>
          <Input
            error={errors[FormValueNames.email]?.message}
            label="Email"
            name="email"
            placeholder="Email"
            register={register}
            type="text"
          />
        </div>
        <div className={styles.loginInputContainerLower}>
          <Input
            error={errors[FormValueNames.password]?.message}
            label="Password"
            name="password"
            placeholder="Password"
            register={register}
            type={passwordVisible ? "text" : "password"}
          />
          <div
            className={styles.passwordToggle}
            onClick={() => setPasswordVisible(!passwordVisible)}
          >
            <div className={styles.Icon}>
              <Icon
                glyph={passwordVisible ? "eye-slash" : "eye"}
              />
            </div>
          </div>
        </div>
        <div className={styles.forgotPassword}>
          <Link
            className={styles.loginBlockLink}
            to="/forgot-password"
          >
            Forgot password?
          </Link>
        </div>
        <Button
          disabled={
            !!errors[FormValueNames.email] ||
            !!errors[FormValueNames.password]
          }
          onClick={Submit}
          text="Login"
        />
      </form>
    </div>
  </div>
</>
`;
