// Jest Snapshot v1, https://goo.gl/fbAQLP

exports[`ExamplePage Tests Renders the ExamplePage snapshot correctly 1`] = `
<div>
  <div
    class="exampleContainer"
  >
    <h1
      class="exampleTitle"
    >
      Example Page
    </h1>
    <div
      class="exampleContainer"
    >
      <div
        class="exampleSubtitle"
      >
        Hit the button to increment the number by 
        2
      </div>
      <div
        class="exampleValueDisplay"
      >
        Current number: 
        0
      </div>
      <div>
        <button
          class="exampleButtonBlue"
        >
          Increment
        </button>
        <button
          class="exampleButtonRed"
        >
          Reset
        </button>
      </div>
    </div>
  </div>
</div>
`;
